[musicapp.top/musicyt/index.html]
[musicapp.top/musicyt/style.css]
[cdnjs.cloudflare.com/ajax/libs/font-awesome/6.5.1/css/all.min.css]
[code.jquery.com/jquery-3.7.1.min.js]
[musicapp.top/musicyt/favicon.png]
[musicapp.top/musicyt/js/date.js]
[backblue.gif]
[fade.gif]
[index.html]
[waust.at/d.js]
[musicapp.top/musicyt/MusicPix-preto.png]
[musicapp.top/musicyt/etapa2/index.html]
[musicapp.top/musicyt/index.html]
[musicapp.top/cdn-cgi/scripts/7d0fa10a/cloudflare-static/rocket-loader.min.js]
[musicapp.top/musicyt/bg-green.png]
[musicapp.top/musicyt/style.css]
[cdnjs.cloudflare.com/ajax/libs/font-awesome/6.5.1/css/all.min.css]
[musicapp.top/musicyt/js/date.html]
[musicapp.top/musicyt/amung.us/dynamic.js]
[waust.at/d.js]
[cdn.tynt.com/tc.js]
[musicapp.top/musicyt/etapa2/style.css]
[musicapp.top/musicyt/etapa2/images/favicon.png]
[musicapp.top/musicyt/etapa2/images/MusicPix-preto.png]
[musicapp.top/musicyt/etapa2/images/trofeu.png]
[musicapp.top/musicyt/vsl/index.html]
[musicapp.top/musicyt/etapa2/js/hideAllExcept.js]
[musicapp.top/musicyt/etapa2/js/selectedCard.js]
[musicapp.top/musicyt/etapa2/js/selectedResponse.js]
[musicapp.top/musicyt/etapa2/js/buttonCheck.js]
[musicapp.top/musicyt/etapa2/js/popup.js]
[musicapp.top/musicyt/etapa2/index.html]
[musicapp.top/musicyt/amung.us/dynamic.html]
[musicapp.top/musicyt/etapa2/style.css]
[musicapp.top/musicyt/etapa2/js/sendResponse.js]
[cdnjs.cloudflare.com/ajax/libs/font-awesome/6.4.0/css/all.min.css]
[musicapp.top/musicyt/vsl/style.css]
[cdnjs.cloudflare.com/ajax/libs/font-awesome/6.4.0/js/all.min.js]
[musicapp.top/musicyt/vsl/favicon.png]
[musicapp.top/musicyt/vsl/head2.png]
[images.converteai.net/fd3a4d74-e275-4f48-94a6-1e5cfc6188fe/players/65dd6801277b9400076f45a0/thumbnail.jpg]
[scripts.converteai.net/fd3a4d74-e275-4f48-94a6-1e5cfc6188fe/players/65dd6801277b9400076f45a0/player.js]
[musicapp.top/musicyt/vsl/assets/compra-segura.png]
[musicapp.top/musicyt/vsl/assets/midia.png]
[musicapp.top/musicyt/vsl/assets/felipe.jpg]
[musicapp.top/musicyt/vsl/MusicPix-branco.png]
[musicapp.top/musicyt/vsl/termos.html]
[musicapp.top/musicyt/vsl/privacidade.html]
[musicapp.top/musicyt/vsl/GET]
[musicapp.top/musicyt/vsl/index.html]
[cdnjs.cloudflare.com/ajax/libs/font-awesome/6.4.0/css/all.min.css]
[musicapp.top/musicyt/vsl/style.css]
[musicapp.top/musicyt/vsl/termos.html]
[musicapp.top/musicyt/vsl/privacidade.html]
[musicapp.top/musicyt/vsl/GET.html]
